[    0.000000] Initializing cgroup subsys cpuset
[    0.000000] Initializing cgroup subsys cu
[    0.000000] Initializing cgrop ubys cpuacct
[    0.0000000] Linux version 4..0-93-generic (buildd@lgw01-03) (gcc verson 4.0 20160609 (Ubutu5.4.0-ubuntu1~16.04.4) ) #116Ubuntu SMP Fri Aug 11 21::51 UTC 2017 (Ubuntu 4.4.0-93.116-generic 4.4.79)
[    0.000000] Command line: BOOT_IMAGE=/boot/vmlinuz-4.4.0-93-generic root=LABEL=cloudimg-rootfs ro console=tty1 console=ttyS0
[    0.000000] KERNEL supprted cpus:
[    0.000000]   Intel GenuineIntel
[    0.000000]   AMD AthenticAMD
[   0.000000]   CentaurCentaurHauls
[    0.000000]x86/fpu: xstate_offset[2]:  576,xsat_sizes[2]:  25
[    0.000000] x86/fpu: Suppoting XSAVE feature 0x01: 'x87 floating point registers'
[    0.00000]x86/fpu: Supporting XSAVE eature 0x02: 'SSE reiser'
[    0.000000] x86/fpu: Supporting XSAVE feature 0x04: 'AV registers'
   0.00000] x86/fpu: Enabled xstate features 0x7, context size is 832 bytes, using 'standard' format.
[    0.000000] x86/fpu: Using 'lazy' FPU context switches.
[    0.000000] e820: BIOS-provided physical RAM map:
[    0.000000] BIOS-e820: [mem 0x0000000000000000-0x000000000009fbff] usable
[   0.000000] BIO-e20: [mem 0x000000000009fc00-0x000000000009ffff] reserved
[    0.000000] BIOS-e820: [mem 000000000000f000-0x00000000000ffff] reserved
[    0.000000] IO-e20: [mem 0x00000000100000-0x000000003ffeffff] usable
[   0.000000] BIOS-820: [em0x00000003ff0000-0x0000003ffffff]ACPI data
[    0.00000] BIOS-e820: [mem 0x00000000fec00000-0x00000000fec00fff] reserved
[    0.000000] BIOS-e820: [mem 0x00000000fee00000-0x00000000fee00fff] reserved
[    0.000000] BIOS-e820: [mem 0x00000000fffc0000-0x00000000ffffffff] reserved
[    0.000000] NX (Execute Disable) protection: active
[    0.000000] SMBIOS 2.5 present.
[    0.000000] Hypervisor detected: KVM
[    0.000000] e820: last_pfn = 0x3fff0 max_arch_pfn = 0x400000000
[    0.000000] MTRR: Disabled
[    0.000000] x86/PAT: MTRRs disabled, skipping PAT initialization too.
[    0.000000] CPU MTRRs all blank - virtualized system.
[    0.000000] x86/PAT: Configuration [0-7]: WB  WT  UC-UC  WB  WT  UC- UC  
[    0.000000] found SMP MP-table at [mem 0x0009fff0-0x0009ffff] mapped at [ffff88000009fff0]
[    0.000000] Scanning 1 areas for low memory corruption
[     0.000000] RAMDISK: [mem 0x36ada000-0x37564fff]
[    0.000000] ACI: Early table checksum verification disabled
[    0.000000] ACPI: RSDP 0x00000000000E0000 000024 (v02 VBOX  )
[    0.000000] ACPI: XSDT 0x000000003FFF0030 00003C (v01 VBOX   VBOXXSDT 00000001 ASL  00000061)
[    0.000000] ACPI: FACP 0x00000000FFF00F0 0000F4 (v04 VBOX   VBOXFACP 00000001 ASL  00000061)
[    0.000000] ACPI: DSDT 0x000000003FFF0470 0021FF (v02 VBO   VBOXBIOS 00000002 INTL 20100528)
[    0.000000] ACPI: FACS 0x00000003FF200 00000
[    0.00000] CP: ACS 0x000000003FFF020 0004
    0.000000] ACPI: APIC 0x000000003FFF0240 00005C (v02 VBOX   VBOXAPIC 00000001 ASL  00000061)
[    0.000000] ACPI: SSDT 0x000000003FFF02A0 0001CC (v01 VBOX   VBOXCPUT 00000002 INTL 010528)
[    0.000000] No NUMA configuration found
[    0.000000] Faking a node at [mem 0x0000000000000000-0x000000003ffeffff]
[    0.000000] NODE_DAA(0) allocated [mem 0x3ffeb000-0x3ffeffff]
[    0.000000] kvm-clock: Using msrs 4b564d01 and 4b564d00
[    0.000000] kvm-clock: cpu 0, msr 0:3ffe3001 primary cpu clock
[    0.00000]kvm-clock: using schedofet of 3727606818 cycles
[    0.000000] clocksource: kvm-clock: mask: 0xffffffffffffffff max_cycles: 0x1cd42e4dffb, max_idle_ns: 881590591483 ns
[    0.000000] Zone ranges:
[    0.000000]   DMA    mem 0x0000000000001000-0x0000000000ffffff]
[    0.000000]   DMA32    [mem 0x0000000001000000-0x000000003ffeffff]
[    0.000000]   Normal   empty
[    0.000000]   Device   empty
[    0.000000] Movable zone start for each node
[    0.000000] Early memory node ranges
[    0.000000]   node   0: [mem 0x0000000000001000-0x000000000009efff][    0.00000]   node   0: [mem 0x0000000000100000-0x000000003ffeffff]
[   0.000000] Initmem setup nod 0[mem x0000000000001000-00000003ffeffff]
[   0.000000] ACPI: PMTier IO Port: 0x4008
[    0.000000] IOAPIC[0]:apcc_id 2, version32 adrss 0fe0000 GSI 0-23
[   000000] ACPI: INT_SRC_OVR (bus 0 bus_irq 0 global_irq 2 dfl dfl)
[    0.000000] ACPI: INT_SRC_OVR (bus 0 bus_irq 9 global_irq 9 low level)
[    0.000000] Using ACPI (MADT) for SMP configuration information
[    0.000000] smpboot: Allowing 2 CPUs, 0 hotplug CPUs
[    0.000000] PM: Registered nosave memory: [mem 0x00000000-0x00000fff]
[    0.000000] PM: Registered nosave memory: [mem 0x0009f000-0x0009ffff]
[    0.000000] PM: Registered nosave memory: [mem 0x000a0000-0x000effff]
[   0.000000] PM: Registered nosave memory: [mem 000f0000-0x00fffff]
[    0.000000] e820: [mem 0x40000000-0xfebfffff] available for PCI devices
[    0.000000] Booting paravirtualized kernel on KVM
[    0.000000] clocksource: refined-jiffies: mask: 0xffffffff max_cycles: 0xffffffff, max_idle_ns: 7645519600211568 ns
[    0.000000] setup_percpu: NR_CPUS:512 nr_cpumask_bits:512 nr_cpu_ids:2 nr_node_ids:1
[    0.000000] PERCPU: Embedded 34 pages/cpu @ffff88003fc00000 s98328 r8192 d32744 u04576
[    0.000000] PV qspinloc hsh table entries: 256(oder: 0, 4096 byes)
[    0.000000] Built 1 zonelists in Node order, mobility grouping on.  Total pages: 257913
[    0.0000] Policy zone: DMA32
[    0.000000]Kernel command line: BOOT_IMAGE=/boot/vmlinuz-4.4.0-93-geneicroot=LABEL=cloudimg-rootfs ro console=tty1 cosole=ttyS0
[    0.000000] PID hash table entries: 4096 (order: 3, 32768 bytes)
[    0.000000] Memory: 1001768K/1048120K available (8479K kernel code,1294K rwdata, 3984K rodata, 1492K init, 1316K bss, 46352K reserved,0K cma-reserved)
[    0.000000] SLUB: HWalign=64, rder=0-3, MinObjects=0, CPUs=2, Nodes=1
[    0.000000] Hierarchical RCU implementation.
[    0.000000] 	Build-time adjustment of leaf fanout to 64.
[    0.000000] 	RCU restricting CPUs from NR_CPUS=512 to nr_cpu_ids=2.
[    0.000000] RCU: Adjusting geometry for rcu_fanout_leaf=64, nr_cpu_ids=2
[    0.000000] NR_IRQS:33024 nr_irqs:440 16
[   0.00000] onsol: olur VGA+ 80x25
[    0.000000] console tty1] enabled
[    0.000000] console [ttyS0] enabled
[    0.000000] tsc: Detected 2294.688 MHz processor
[    2.231748] Calibrating delay loop (skipped) preset value.. 4589.37 BogoMIPS (lpj=9178752)
[    2.263253] pid_max: default: 32768 minimum: 301
[    2.283962] ACPI: Core revision 20150930
[    2.304079] ACPI: 2 ACPI AML tables successfully acquired and loaded
[    2.316911] Security Framework initialized
[    2.331971] Yama: becoming mindful.
[    2.345900] AppArmor: AppArmor initialized
[    2.354464] Dentry cache hash table entries: 131072 (order: 8, 1048576 bytes)
[    2.364203] Inode-cache hash table entries: 65536 (order: 7, 524288 bytes)
[    2.379326] Mount-cache hash table entries: 2048 (order: 2, 16384 bytes)
[    2.385054] Mountpoint-cache hash table entries: 2048 (order: 2, 16384 bytes)
[    2.404133] Initializing cgroup subsys io
[    2.407118] Initializing cgroup subsys memory
[    2.416469] Initializing cgroup subsys devices
[    2.425574] Initializing cgroup subsys freezer
[    2.432724] Initializing cgroup subsys net_cls
[    2.445623] Initializing cgroup subsys perf_event
[    2.451074] Initializing cgroup subsys net_prio
[    2.457046] Initializing cgroup subsys hugetlb
[    2.460301] Initializing cgroup subsys pids
[    2.462231] CPU: Physical Processor ID: 0
[    2.471070] CPU: Processor Core ID: 0
[    2.480138] mce: CPU supports 0 MCE banks
[    2.495537] Last level iTLB entries: 4KB 1024, 2MB 1024, 4MB 1024
[    2.499908] Last level dTLB entries: 4KB 1024, 2MB 1024, 4MB 1024, 1GB 4
[    2.517643] Freeing SMP alternatives memory: 32K (ffffffff820ba000 - ffffffff820c2000)
[    2.534919] ftrace: allocating 32136 entries in 126 pages
[    2.582426] smpboot: APIC(0) Converting physical 0 to logical package 0
[    2.591248] smpboot: Max logical packages: 1
[    2.595773] x2apic enabled
[    2.600496] Switched APIC routing to physical x2apic.
[    2.628101] ..TIMER: vector=0x30 apic1=0 pin1=2 apic2=-1 pin2=-1
[    2.746933] smpboot: CPU0: Intel(R) Core(TM) i7-4850HQ CPU @ 2.30GHz (family: 0x6, model: 0x46, stepping: 0x1)
[    2.757599] Performance Events: unsupported p6 CPU model 70 no PMU driver, software events only.
[    2.760570] KVM setup paravirtual spinlock
[    2.762771] x86: Booting SMP configuration:
[    2.764493] .... node  #0, CPUs:      #1
[    2.766067] kvm-clock: cpu 1, msr 0:3ffe3041, secondary cpu clock
[    2.769147] mce: CPU supports 0 MCE banks
[    2.772608] x86: Booted up 1 node, 2 CPUs
[    2.774472] smpboot: Total of 2 processors activated (9178.75 BogoMIPS)
[    2.787664] devtmpfs: initialized
[    2.791717] evm: security.selinux
[    2.794173] evm: security.SMACK64
[    2.797667] evm: security.SMACK64EXEC
[    2.807975] evm: security.SMACK64TRANSMUTE
[    2.811985] evm: security.SMACK64MMAP
[    2.813488] evm: security.ima
[    2.815591] evm: security.capability
[    2.816955] clocksource: jiffies: mask: 0xffffffff max_cycles: 0xffffffff, max_idle_ns: 7645041785100000 ns
[    2.819588] futex hash table entries: 512 (order: 3, 32768 bytes)
[    2.821273] pinctrl core: initialized pinctrl subsystem
[    2.822807] RTC time:  1:53:49, date: 06/28/18
[    2.825764] NET: Registered protocol family 16
[    2.842393] cpuidle: using governor ladder
[    2.858865] cpuidle: using governor menu
[    2.864474] PCCT header not found.
[    2.876159] ACPI: bus type PCI registered
[    2.879923] acpiphp: ACPI Hot Plug PCI Controller Driver version: 0.5
[    2.890850] PCI: Using configuration type 1 for base access
[    2.908039] ACPI: Added _OSI(Module Device)
[    2.910855] ACPI: Added _OSI(Processor Device)
[    2.916268] ACPI: Added _OSI(3.0 _SCP Extensions)
[    2.922264] ACPI: Added _OSI(Processor Aggregator Device)
[    2.924920] ACPI: Executed 1 blocks of module-level executable AML code
[    2.930329] ACPI: Interpreter enabled
[    2.936252] ACPI: (supports S0 S5)
[    2.940308] ACPI: Using IOAPIC for interrupt routing
[    2.945901] PCI: Using host bridge windows from ACPI; if necessary, use "pci=nocrs" and report a bug
[    2.968008] ACPI: PCI Root Bridge [PCI0] (domain 0000 [bus 00-ff])
[    2.974438] acpi PNP0A03:00: _OSC: OS supports [ASPM ClockPM Segments MSI]
[    2.988554] acpi PNP0A03:00: _OSC: not requesting OS control; OS requires [ExtendedConfig ASPM ClockPM MSI]
[    2.992574] acpi PNP0A03:00: fail to add MMCONFIG information, can't access extended PCI configuration space under this bridge.
[    3.008313] PCI host bridge to bus 0000:00
[    3.018017] pci_bus 0000:00: root bus resource [io  0x0000-0x0cf7 window]
[    3.027670] pci_bus 0000:00: root bus resource [io  0x0d00-0xffff window]
[    3.039547] pci_bus 0000:00: root bus resource [mem 0x000a0000-0x000bffff window]
[    3.046722] pci_bus 0000:00: root bus resource [mem 0x40000000-0xfdffffff window]
[    3.052159] pci_bus 0000:00: root bus resource [bus 00-ff]
[    3.060217] pci 0000:00:01.1: legacy IDE quirk: reg 0x10: [io  0x01f0-0x01f7]
[    3.068734] pci 0000:00:01.1: legacy IDE quirk: reg 0x14: [io  0x03f6]
[    3.074861] pci 0000:00:01.1: legacy IDE quirk: reg 0x18: [io  0x0170-0x0177]
[    3.078861] pci 0000:00:01.1: legacy IDE quirk: reg 0x1c: [io  0x0376]
[    3.096380] pci 0000:00:07.0: quirk: [io  0x4000-0x403f] claimed by PIIX4 ACPI
[    3.125297] pci 0000:00:07.0: quirk: [io  0x4100-0x410f] claimed by PIIX4 SMB
[    3.156972] ACPI: PCI Interrupt Link [LNKA] (IRQs 5 9 10 *11)
[    3.165920] ACPI: PCI Interrupt Link [LNKB] (IRQs 5 9 *10 11)
[    3.169569] ACPI: PCI Interrupt Link [LNKC] (IRQs 5 *9 10 11)
[    3.173114] ACPI: PCI Interrupt Link [LNKD] (IRQs 5 9 10 *11)
[    3.177825] ACPI: Enabled 2 GPEs in block 00 to 07
[    3.180950] vgaarb: setting as boot device: PCI:0000:00:02.0
[    3.188615] vgaarb: device added: PCI:0000:00:02.0,decodes=io+mem,owns=io+mem,locks=none
[    3.193420] vgaarb: loaded
[    3.196893] vgaarb: bridge control possible 0000:00:02.0
[    3.200793] SCSI subsystem initialized
[    3.202663] ACPI: bus type USB registered
[    3.206105] usbcore: registered new interface driver usbfs
[    3.208565] usbcore: registered new interface driver hub
[    3.211207] usbcore: registered new device driver usb
[    3.214341] PCI: Using ACPI for IRQ routing
[    3.217103] NetLabel: Initializing
[    3.218869] NetLabel:  domain hash size = 128
[    3.221102] NetLabel:  protocols = UNLABELED CIPSOv4
[    3.223466] NetLabel:  unlabeled traffic allowed by default
[    3.227451] amd_nb: Cannot enumerate AMD northbridges
[    3.230193] clocksource: Switched to clocksource kvm-clock
[    3.244456] AppArmor: AppArmor Filesystem Enabled
[   3.65818] pnp: PnP ACPI init
[   .313255] pnp: PnP ACPI: found 3 devices

[   .371555] clocksoure: acpi_pm: mask: 0xffffff max_cycles 0ffffff, max_idle_ns: 2085701024 ns
[   .49165]NET: Rgistre protcol family 2

[    3.672549] TCP established hash tableentries 892 (ordr:4, 65536 bte)
[    3.854983] TCP bind hash table entries: 8192 (order: 5, 131072 byes)
   3.888787] TCP: Hash tables conigured (established 8192 bind 8192)
[   3.95923] UDPhah table entries: 512 (order: 2, 16384 bytes)
[    4.055168] UDP-Lite hash table entries: 512 orer 2, 1384 bytes)
[   .151316] NET: Registered prtocol fmily 1
[    4.263923] pci 0000:00:00.0: Limiting direct PCI/PCI transfers
[    4.266777] pci 0000:00:01.0: Activating ISA DMA hang workarounds
[    4.271641] Unpacking initramfs...
[    5.947985] Freeing initrd memory: 10796K (ffff880036ada000 - ffff880037565000)
[    5.963663] platform rtc_cmos: registered platform RTC device (no PNP device found)
[    5.976122] Scanning for low memory corruption every 60 seconds
[    5.978469] audit: initializing netlink subsys (disabled)
[    5.980187] audit: type=2000 audit(1530150835.301:1): initialized
[    5.982272] Initialise system trusted keyring
[    5.986738] HugeTLB registered 2 MB page size, pre-allocated 0 pages
[    5.997262] zbud: loaded
[    5.999842] VFS: Disk quotas dquot_6.6.0
[    6.008236] VFS: Dquot-cache hash table entries: 512 (order 0, 4096 bytes)
[    6.019840] squashfs: version 4.0 (2009/01/31) Phillip Lougher
[    6.028526] fuse init (API version 7.23)
[    6.040296] Key type big_key regisered
[    6.067041] Allocating IMA MOK and blacklist keyrings.

[    6.070969] Key type asymmetric registered
[    6.075979] Asymmetric key parser 'x509' registered
[    6.083078] Block layer SCSI generic (bsg) driver version 0.4 loaded (major 249)
[    6.107279] io scheduler noop registered
[    6.118947] io scheduler deadline registered (default)
[    6.135042] io scheduler cfq registered
[    6.140191] pci_hotplug: PCI Hot Plug PCI Core version: 0.5
[    6.142432] pciehp: PCI Express Hot Plug Controller Driver version: 0.4
[    6.160645] ACPI: AC Adapter [AC] (on-line)
[    6.179714] input: Power Button as /devices/LNXSYSTM:00/LNXPWRBN:00/input/input0
[    6.194854] ACPI: Power Button [PWRF]
[    6.196906] input: Sleep Button as /devices/LNXSYSTM:00/LNXSLPBN:00/input/input1
[    6.211321] ACPI: Sleep Button [SLPF]
[    6.215045] GHES: HEST is not enabled!
[    6.216197] ACPI: Battery Slot [BAT0] (battery present)
[    6.227290] Serial: 8250/16550 driver, 32 ports, IRQ sharing enabled
[    6.256532] 00:02: ttyS0 at I/O 0x3f8 (irq = 4, base_baud = 115200) i a 16550A

[    6.293251] Linux agpgart interface v0.103
[    6.297541] loop: module loaded
[    6.300818] scsi host0: ata_piix
[    6.302581] scsi host1: ata_piix
[    6.304241] ata1: PATA max UDMA/33 cmd 0x1f0 ctl 0x3f6 bmdma 0xd000 irq 14
[    6.315683] ata2: PATA max UDMA/33 cmd 0x170 ctl 0x376 bmdma 0xd008 irq 15
[    6.336976] libphy: Fixed MDIO Bus: probed
[    6355337] tun: Universal TUN/TAP devie river, 1.6
[    6.42742] tun: (C) 1999-2004 Max Kasnyansky <maxk@qualcomm.com>
[    6.490292] PPP generic driver version 2.4.2
[    6.499527] ehci_hcd: USB 2.0 'Enhanced' Host Controller (EHCI) Driver
[    6.514766] ehci-pci: EHCI PCI platform driver
[    6.516763] ehci-platform: EHCI generic platform driver
[    6.530558] ohci_hcd: USB 1.1 'Open' Host Controller (OHCI) Driver
[    6.533707] ohci-pci: OHCI PCI platform driver
[    6.536809] ohci-platform: OHCI generic platform driver
[    6.539234] uhci_hcd: USB Universal Host Controller Interface driver
[    6.541914] i8042: PNP: PS/2 Controller [PNP0303:PS2K,PNP0f03:PS2M] at 0x60,0x64 irq 1,12
[    6.546002] serio: i8042 KBD port at 0x60,0x64 irq 1
[    6.548467] serio: i8042 AUX port at 0x60,0x64 ir 12

[    6.574923] mousedev: PS/2 mouse device common for all mice
[    6.579850] rtc_cmos rtc_cmos: rtc core: registered rtc_cmos as rtc0
[    6.583029] input: AT Translated Set 2 keyboard as /devices/platform/i8042/serio0/input/input2
[    6.587112] rtc_cmos rtc_cmos: alarms up to one day, 114 bytes nvram
[    6.589926] i2c /dev entries driver
[    6.592012] device-mapper: uevent: version 1.0.3
[    6.594606] device-mapper: ioctl: 4.34.0-ioctl (2015-10-28) initialised: dm-devel@redhat.com
[    6.598961] ledtrig-cpu: registered to indicate activity on CPUs
[    6.602411] NET: Registered protocol family 10
[    6.604942] NET: Registered protocol family 17
[    6.607109] Key type dns_resolver registered
[    6.614899] microcode: CPU0 sig=0x40661, pf=0x40, revision=0x0
[    6.617730] microcode: CPU1 sig=0x40661, pf=0x40, revision=0x0
[    6.621128] microcode: Microcode Update Driver: v2.01 <tigran@aivazian.fsnet.co.uk>, Peter Oruba
[    6.626188] registered taskstats version 1
[    6.632280] Loading compiled-in X.509 certificates
[    6.635557] Loaded X.509 cert 'Build time autogenerated kernel key: a6f98c496ad22cf23b77f8fe21ff88c41791cbd4'
[    6.642832] zswap: loaded using pool lzo/zbud
[    6.647983] Key type trusted registered
[    6.653081] Key type encrypted registered
[    6.655877] AppArmor: AppArmor sha1 policy hashing enabled
[    6.660153] ima: No TPM chip found, activating TPM-bypass!
[    6.663976] evm: HMAC attrs: 0x1
[    6.671883]   Magic number: 6:546:863
[    6.683478] rtc_cmos rtc_cmos: setting system clock to 2018-06-28 01:53:53 UTC (1530150833)
[    6.706105] BIOS EDD facility v0.16 2004-Jun-25, 0 devices found
[    6.709278] EDD information not available.
[    6.711731] Freeing unused kernel memory: 1492K (ffffffff81f45000 - ffffffff820ba000)
[    6.721752] Write protecting the kernel read-only data: 14336k
[    6.735956] Freeing unused kernel memory: 1748K (ffff88000184b000 - ffff880001a00000)
[    6.747620] Freeing unused kernel memory: 112K (ffff880001de4000 - ffff880001e00000)
Loading, please wait...
starting version[    6.778308] random: systemd-udevd: uninitialized urandom read (16 bytes read, 3 bits of entropy available)
 229
[    6.778526] random: udevadm: uninitialized urandom read (16 bytes read, 3 bits of entropy available)
[    6.778555] random: udevadm: uninitialized urandom read (16 bytes read, 3 bits of entropy available)
[    6.778648] random: udevadm: uninitialized urandom read (16 bytes read, 3 bits of entropy available)
[    6.778681] random: udevadm: uninitialized urandom read (16 bytes read, 3 bits of entropy available)
[    6.778714] random: udevadm: uninitialized urandom read (16 bytes read, 3 bits of entropy available)
[    6.778748] random: udevadm: uninitialized urandom read (16 bytes read, 3 bits of entropy available)
[    6.778779] random: udevadm: uninitialized urandom read (16 bytes read, 3 bits of entropy available)
[    6.778809] random: udevadm: uninitialized urandom read (16 bytes read, 3 bits of entropy available)
[    6.778839] random: udevadm: uninitialized urandom read (16 bytes read, 3 bits of entropy available)
[    6.834178] e1000: Intel(R) PRO/1000 Network Driver - version 7.3.21-k8-NAPI
[    6.846392] e1000: Copyright (c) 1999-2006 Intel Corporation.
[    6.856907] Fusion MPT base driver 3.04.20
[    6.873858] Copyright (c) 1999-2008 LSI Corporation
[    6.889611] Fusion MPT SPI Host driver 3.04.20
[    6.899152] mptbase: ioc0: Initiating bringup
[    6.911526] AVX2 version of gcm_enc/dec engaged.
[    6.916355] AES CTR mode by8 optimization enabled
[    6.967348] ioc0: LSI53C1030 A0: Capabilities={Initiator}
[    7.107104] input: ImExPS/2 Generic Explorer Mouse as /devices/platform/i8042/serio1/input/input4
[    7.155814] scsi host2: ioc0: LSI53C1030 A0, FwRev=00000000h, Ports=1, MaxQ=256, IRQ=20
[    7.278687] scsi 2:0:0:0: Direct-Access     VBOX     HARDDISK         1.0  PQ: 0 ANSI: 5
[    7.309835] scsi target2:0:0: Beginning Domain Validation
[    7.319829] scsi target2:0:0: Domain Validation skipping write tests
[    7.323827] scsi target2:0:0: Ending Domain Validation
[    7.326211] scsi target2:0:0: asynchronous
[    7.342371] scsi 2:0:1:0: Direct-Access     VBOX     HARDDISK         1.0  PQ: 0 ANSI: 5
[    7.346115] scsi target2:0:1: Beginning Domain Validation
[    7.352999] scsi target2:0:1: Domain Validation skipping write tests
[    7.355954] scsi target2:0:1: Ending Domain Validation
[    7.358283] scsi target2:0:1: asynchronous
[    7.374971] sd 2:0:0:0: Attached scsi generic sg0 type 0
[    7.390650] sd 2:0:0:0: [sda] 20971520 512-byte logical blocks: (10.7 GB/10.0 GiB)
[    7.395855] sd 2:0:0:0: [sda] Write Protect is off
[    7.400423] sd 2:0:0:0: [sda] Incomplete mode parameter data
[    7.405225] sd 2:0:0:0: [sda] Assuming drive cache: write through
[    7.426396] sd 2:0:1:0: [sdb] 20480 512-byte logical blocks: (10.5 MB/10.0 MiB)
[    7.436908] sd 2:0:1:0: Attached scsi generic sg1 type 0
[    7.443884] sd 2:0:1:0: [sdb] Write Protect is off
[    7.450665] sd 2:0:1:0: [sdb] Incomplete mode parameter data
[    7.463948] sd 2:0:1:0: [sdb] Assuming drive cache: write through
[    7.472970]  sda: sda1
[    7.481734] sd 2:0:0:0: [sda] Attached SCSI disk
[    7.491474] sd 2:0:1:0: [sdb] Attached SCSI disk
[    7.685446] e1000 0000:00:03.0 eth0: (PCI:33MHz:32-bit) 02:6d:48:63:12:0d
[    7.690208] e1000 0000:00:03.0 eth0: Intel(R) PRO/1000 Network Connection
[    7.962270] tsc: Refined TSC clocksource calibration: 2294.278 MHz
[    7.968963] clocksource: tsc: mask: 0xffffffffffffffff max_cycles: 0x211217f84e6, max_idle_ns: 440795292431 ns
[    8.100134] e1000 0000:00:08.0 eth1: (PCI:33MHz:32-bit) 08:00:27:74:7f:e5
[    8.114146] e1000 0000:00:08.0 eth1: Intel(R) PRO/1000 Network Connection
[    8.121397] e1000 0000:00:08.0 enp0s8: renamed from eth1
[    8.142601] e1000 0000:00:03.0 enp0s3: renamed from eth0
[    9.966970] floppy0: no floppy controllers found
[    9.970179] work still pending
Begin: Loading essential drivers[   11.553519] md: linear personality registered for level -1
 ... [   11.566735] md: multipath personality registered for level -4
[   11.576009] md: raid0 personality registered for level 0
[   11.585825] md: raid1 personality registered for level 1
[   11.666657] raid6: sse2x1   gen()  9799 MB/s
[   11.738410] raid6: sse2x1   xor()  7275 MB/s
[   11.810714] raid6: sse2x2   gen() 12534 MB/s
[   11.878511] raid6: sse2x2   xor()  8742 MB/s
[   11.946357] raid6: sse2x4   gen() 14304 MB/s
[   12.026207] raid6: sse2x4   xor()  8206 MB/s
[   12.106354] raid6: avx2x1   gen() 15414 MB/s
[   12.178434] raid6: avx2x2   gen() 17178 MB/s
[   12.254232] raid6: avx2x4   gen() 22007 MB/s
[   12.256546] raid6: using algorithm avx2x4 gen() 22007 MB/s
[   12.259132] raid6: using avx2x2 recovery algorithm
[   12.266664] xor: automatically using best checksumming function:
[   12.306677]    avx       : 20030.000 MB/sec
[   12.316810] async_tx: api initialized (async)
[   12.326593] md: raid6 personality registered for level 6
[   12.339385] md: raid5 personality registered for level 5
[   12.352636] md: raid4 personality registered for level 4
[   12.359784] md: raid10 personality registered for level 10
done.
Begin: Running /scripts/init-premount ... done.
Begin: Mounting root file system ... Begin: Running /scripts/local-top ... done.
Begin: Running /scripts/local-premount ... [   12.393202] Btrfs loaded
Scanning for Btrfs filesystems
done.
Warning: fsck not present, so skipping root file[   12.434729] EXT4-fs (sda1): mounted filesystem with ordered data mode. Opts: (null)
 system
done.
Begin: Running /scripts/local-bottom ... done.
Begin: Running /scripts/init-bottom ... done.
[   12.551371] systemd[1]: systemd 229 running in system mode. (+PAM +AUDIT +SELINUX +IMA +APPARMOR +SMACK +SYSVINIT +UTMP +LIBCRYPTSETUP +GCRYPT +GNUTLS +ACL +XZ -LZ4 +SECCOMP +BLKID +ELFUTILS +KMOD -IDN)
[   12.556279] systemd[1]: Detected virtualization oracle.
[   12.557728] systemd[1]: Detected architecture x86-64.

Welcome to [1mUbuntu 16.04.3 LTS[0m!

[   12.563069] systemd[1]: Set hostname to <ubuntu>.
[   12.567002] systemd[1]: Initializing machine ID from random generator.
[   12.568696] systemd[1]: Installed transient /etc/machine-id file.
[   12.700177] systemd[1]: Listening on Journal Socket.
[[0;32m  OK  [0m] Listening on Journal Socket.
[   12.703450] systemd[1]: Started Trigger resolvconf update for networkd DNS.
[[0;32m  OK  [0m] Started Trigger resolvconf update for networkd DNS.
[   12.708693] systemd[1]: Listening on LVM2 metadata daemon socket.
[[0;32m  OK  [0m] Listening on LVM2 metadata daemon socket.
[   12.712122] systemd[1]: Listening on Journal Socket (/dev/log).
[[0;32m  OK  [0m] Listening on Journal Socket (/dev/log).
[   12.716063] systemd[1]: Listening on /dev/initctl Compatibility Named Pipe.
[[0;32m  OK  [0m] Listening on /dev/initctl Compatibility Named Pipe.
[   12.720044] systemd[1]: Started Forward Password Requests to Wall Directory Watch.
[[0;32m  OK  [0m] Started Forward Password Requests to Wall Directory Watch.
[   12.724482] systemd[1]: Listening on LVM2 poll daemon socket.
[[0;32m  OK  [0m] Listening on LVM2 poll daemon socket.
[   12.727896] systemd[1]: Reached target Encrypted Volumes.
[[0;32m  OK  [0m] Reached target Encrypted Volumes.
[   12.731582] systemd[1]: Set up automount Arbitrary Executable File Formats File System Automount Point.
[[0;32m  OK  [0m] Set up automount Arbitrary Executab...ats File System Automount Point.
[   12.754980] systemd[1]: Listening on Device-mapper event daemon FIFOs.
[[0;32m  OK  [0m] Listening on Device-mapper event daemon FIFOs.
[   12.766014] systemd[1]: Reached target User and Group Name Lookups.
[[0;32m  OK  [0m] Reached target User and Group Name Lookups.
[   12.784444] systemd[1]: Listening on Journal Audit Socket.
[[0;32m  OK  [0m] Listening on Journal Audit Socket.
[   12.795399] systemd[1]: Listening on udev Control Socket.
[[0;32m  OK  [0m] Listening on udev Control Socket.
[   12.808072] systemd[1]: Listening on udev Kernel Socket.
[[0;32m  OK  [0m] Listening on udev Kernel Socket.
[   12.820093] systemd[1]: Reached target Swap.
[[0;32m  OK  [0m] Reached target Swap.
[   12.834173] systemd[1]: Listening on Syslog Socket.
[[0;32m  OK  [0m] Listening on Syslog Socket.
[   12.843759] systemd[1]: Created slice System Slice.
[[0;32m  OK  [0m] Created slice System Slice.
[   12.870998] systemd[1]: Mounting Debug File System...
         Mounting Debug File System...
[   12.884047] systemd[1]: Starting Journal Service...
         Starting Journal Service...
[   12.897693] systemd[1]: Starting Create list of required static device nodes for the current kernel...
         Starting Create list of required st... nodes for the current kernel...
[   12.933374] systemd[1]: Starting Remount Root and Kernel File Systems...
[   12.936184] EXT4-fs (sda1): re-mounted. Opts: (null)
         Starting Remount Root and Kernel File Systems...
[   12.991278] systemd[1]: Starting Monitoring of LVM2 mirrors, snapshots etc. using dmeventd or progress polling...
         Starting Monitoring of LVM2 mirrors... dmeventd or progress polling...
[   13.016473] systemd[1]: Starting Load Kernel Modules...
         Starting Load Kernel Modules...
[   13.031912] systemd[1]: Starting Nameserver information manager...
         Starting Nameserver information manager...
[   13.066873] Loading iSCSI transport class v2.0-870.
[   13.092408] iscsi: registered transport (tcp)
[   13.110612] systemd[1]: Starting Set console keymap...
         Starting Set console keymap...
[   13.135245] systemd[1]: Starting Uncomplicated firewall...
         Starting Uncomplicated firewall...
[   13.141776] iscsi: registered transport (iser)
[   13.146915] systemd[1]: Mounting POSIX Message Queue File System...
         Mounting POSIX Message Queue File System...
[   13.167515] systemd[1]: Created slice system-serial\x2dgetty.slice.
[[0;32m  OK  [0m] Created slice system-serial\x2dgetty.slice.
[   13.209900] systemd[1]: Created slice User and Session Slice.
[[0;32m  OK  [0m] Created slice User and Session Slice.
[   13.246870] systemd[1]: Reached target Slices.
[[0;32m  OK  [0m] Reached target Slices.
[   13.266839] systemd[1]: Mounting Huge Pages File System...
         Mounting Huge Pages File System...
[   13.284589] systemd[1]: Mounted POSIX Message Queue File System.
[[0;32m  OK  [0m] Mounted POSIX Message Queue File System.
[   13.306935] systemd[1]: Mounted Debug File System.
[[0;32m  OK  [0m] Mounted Debug File System.
[   13.322260] systemd[1]: Mounted Huge Pages File System.
[[0;32m  OK  [0m] Mounted Huge Pages File System.
[   13.331046] systemd[1: Started ournal Service.
[[0;32m  OK  [0m] Started Journal Service.

[[0;32m  OK  [0m] Started Create list of required sta...ce nodes for the current kernel.
[[0;32m  OK  [0m] Started Remount Root and Kernel File Systems.
[[0;32m  OK  [0m] Started Load Kernel Modules.
[[0;32m  OK  [0m] Started Set console keymap.
[[0;32m  OK  [0m] Started Uncomplicated firewall.
[[0;32m  OK  [0m] Started Nameserver information manager.
[[0;32m  OK  [0m] Started LVM2 metadata daemon.
         Starting Apply Kernel Variables...
         Mounting FUSE Control File System...
         Starting udev Coldplug all Devices...
         Starting Initial cloud-init job (pre-networking)...
         Starting Load/Save Random Seed...
         Starting Create Static Device Nodes in /dev...
         Starting Flush Journal to Persistent Storage...
[[0;32m  OK  [0m] Mounted FUSE Control File System.
[[0;32m  OK  [0m] Started Apply Kernel Variables.
[[0;32m  OK  [0m] Started Load/Save Random Seed.
[[0;32m  OK  [0m] Started Create Static Device Nodes in /dev.
[[0;32m  OK  [0m] Started udev Coldplug all Devices.
[[0;32m  OK  [0m] Started Flush Journal to Persistent Storage.
         Starting udev Kernel Device Manager...
[[0;32m  OK  [0m] Started udev Kernel Device Manager.
[[0;32m  OK  [0m] Started Dispatch Password Requests to Console Directory Watch.
[[0;32m  OK  [0m] Found device /dev/ttyS0.
[[0;32m  OK  [0m] Started Monitoring of LVM2 mirrors,...ng dmeventd or progress polling.
[[0;32m  OK  [0m] Reached target Local File Systems (Pre).
[[0;32m  OK  [0m] Reached target Local File Systems.
         Starting Commit a transient machine-id on disk...
         Starting Set console font and keymap...
         Starting LSB: AppArmor initialization...
         Starting Tell Plymouth To Write Out Runtime Data...
         Starting Create Volatile Files and Directories...
[[0;32m  OK  [0m] Started Commit a transient machine-id on disk.
[[0;32m  OK  [0m] Started Tell Plymouth To Write Out Runtime Data.
[[0;32m  OK  [0m] Started Create Volatile Files and Directories.
[[0;32m  OK  [0m] Listening on Load/Save RF Kill Switch Status /dev/rfkill Watch.
[[0;32m  OK  [0m] Reached target System Time Synchronized.
[   11.789027] cloud-init[444]: Cloud-init v. 0.7.9 running 'init-local' at Thu, 28 Jun 2018 01:54:00 +0000. Up 11.40 seconds.
         Starting Update UTMP about System Boot/Shutdown...
[[0;32m  OK  [0m] Started Initial cloud-init job (pre-networking).
[[0;32m  OK  [0m] Reached target Network (Pre).
[[0;32m  OK  [0m] Started LSB: AppArmor initialization.
         Starting Raise network interfaces...
[[0;32m  OK  [0m] Started Update UTMP about System Boot/Shutdown.
[[0;32m  OK  [0m] Started Set console font and keymap.
[[0;32m  OK  [0m] Created slice system-getty.slice.
[[0;32m  OK  [0m] Started Raise network interfaces.
         Starting Initial cloud-init job (metadata service crawler)...
[[0;32m  OK  [0m] Reached target Network.
[   15.177705] cloud-init[950]: Cloud-init v. 0.7.9 running 'init' at Thu, 28 Jun 2018 01:54:04 +0000. Up 14.55 seconds.
[   15.190282] cloud-init[950]: ci-info: ++++++++++++++++++++++++++++++++++++++Net device info++++++++++++++++++++++++++++++++++++++
[   15.212985] cloud-init[950]: ci-info: +--------+-------+----------------------------+---------------+-------+-------------------+
[[0;32m  OK  [0m] Started Initial cloud-init job (metadata service crawler).
[   15.228996] cloud-init[950]: ci-info: | Device |   Up  |          Address           |      Mask     | Scope |     Hw-Address    |
[   15.252791] cloud-init[950]: ci-info: +--------+-------+----------------------------+---------------+-------+-------------------+
[[0;32m  OK  [0m] Reached target Network is Online.
[   15.273350] cloud-init[950]: ci-info: | enp0s8 | False |             .              |       .       |   .   | 08:00:27:74:7f:e5 |
[   15.298418] cloud-init[950]: ci-info: | enp0s3 |  True |         10.0.2.15          | 255.255.255.0 |   .   | 02:6d:48:63:12:0d |
         Starting iSCSI initiator daemon (iscsid)...
[[0;32m  OK  [0m] Reached target System Initialization.
[[0;32m  OK  [0m] Started Timer to automatically refresh installed snaps.
[[0;32m  OK  [0m] Listening on ACPID Listen Socket.
         Starting Socket activation for snappy daemon.
[   15.319483] cloud-init[950]: ci-info: | enp0s3 |  True | fe80::6d:48ff:fe63:120d/64 |       .       |  link | 02:6d:48:63:12:0d |
[[0;32m  OK  [0m] Started ACPI Events Check.
[[0;32m  OK  [0m] Reached target Paths.
[[0;32m  OK  [0m] Started Timer to automatically fetch and run repair assertions.
[   15.344255] cloud-init[950]: ci-info: |   lo   |  True |         127.0.0.1          |   255.0.0.0   |   .   |         .         |
[   15.396190] [cloud-init[0;32m  OK  [0m[950]: ] ci-info: |   lo   |  True |          ::1/128           |       .       |  host |         .         |Started Daily apt download activities.

[   15.405108] [[0;32m  OK  [0m] Started Daily Cleanup of Temporary Directories.
[[0;32m  OK  [0m] Listening on UUID daemon activation socket.
cloud-init         Starting LXD - unix socket.
[[0;32m  OK  [0m] Listening on D-Bus System Message Bus Socket.
[[0;32m  OK  [0m] Started Daily apt upgrade and clean activities.
[[0;32m  OK  [0m] Reached target Timers.
[950]: ci-info: +--------+-------+----------------------------+---------------+-------+-------------------+
[   15.420448] [[0;32m  OK  [0m] Reached target Cloud-config availability.
cloud-init[950]: ci-info: +++++++++++++++++++++++++++Route IPv4 info++++++++++++++++++++++++++++
[   15.426866] cloud-init[950]: ci-info: +-------+-------------+----------+---------------+-----------+-------+
[   15.430229] cloud-init[950]: ci-info: | Route | Destination | Gateway  |    Genmask    | Interface | Flags |[[0;32m  OK  [0m] Listening on Socket activation for snappy daemon.
[[0;32m  OK  [0m] Listening on LXD - unix socket.

[   15.438044] cloud-init[950]: ci-info: +-------+-------------+----------+---------------+-----------+-------+
[   15.442634] cloud-init[950]: ci-info: |   0   |   0.0.0.0   | 10.0.2.2 |    0.0.0.0    |   enp0s3  |   UG  |
[   15.443103] cloud-init[950]: ci-info: |   1   |   10.0.2.0  | 0.0.0.0  | 255.255.255.0 |   enp0s3  |   U   |
[   15.446298] cloud-init[950]: ci-info: +-------+-------------+----------+---------------+-----------+-------+
[[0;32m  OK  [0m] Reached target Sockets.
[[0;32m  OK  [0m] Reached target Basic System.
[   15.448779] cloud-init[950]: Generating public/private rsa key pair.
[   15.459355] cloud-init[950]: Your identification has been saved in /etc/ssh/ssh_host_rsa_key.
[[0;32m  OK  [0m] Started D-Bus System Message Bus.
[   15.463885] cloud-init[950]: Your public key has been saved in /etc/ssh/ssh_host_rsa_key.pub.
[   15.468814] cloud-init[950]: The key fingerprint is:
[   15.471451] cloud-init[950]: SHA256:VTlv69+yy2sscY/PUQDwHK8uopwLpzyFbCm1mXN+WpQ root@ubuntu-xenial
[   15.475003] cloud-init[950]: The key's randomart image is:
[   15.477724] cloud-init[950]: +---[RSA 2048]----+
[   15.489168]          cloud-initStarting System Logging Service...[950]: 
|          ..+.   |
[   15.498928]          Starting LSB: MD monitoring daemon...
cloud-init[950]: |           +o+   |
[   15.512445] [cloud-init[0;32m  OK  [0m[950]: ] |          . ooo  |Started ACPI event daemon.

[   15.513468] cloud-init[950]: |    .    o   .o. |
[   15.541186] cloud-init[950]: |   o *  E   .. ..|
[   15.546266]          cloud-initStarting LSB: Record successful boot for GRUB...[950]: 
|  . X o.   .. o .|
[   15.557807] [[0;32m  OK  [0m] Started Regular background program processing daemon.
         Starting /etc/rc.local Compatibility...
cloud-init[950]: |   o.=. o . .= + |
[   15.569881]          Starting Login Service...
         Starting Apply the settings specified in cloud-config...
cloud-init[950]: |   ..=.+.. ...*.+|
[   15.574474] cloud-init[950]: |    o.*+     o=B=|
         Starting Pollinate to seed the pseudo random number generator...
         Starting Accounts Service...
[[0;32m  OK  [0m] Started FUSE filesystem for LXC.
[   15.576976] cloud-init[950]: +----[SHA256]-----+
         Starting LXD - container startup/shutdown...
[[0;32m  OK  [0m] Started Unattended Upgrades Shutdown.
[[0;32m  OK  [0m] Started Deferred execution scheduler.
         Starting Snappy daemon...
[[0;32m  OK  [0m] Started System Logging Service.
[[   15.593114] cloud-init[950]: Generating public/private dsa key pair.
[   15.608798] cloud-init[950]: Your identification has been saved in /etc/ssh/ssh_host_dsa_key.
[   15.608872] cloud-init[950]: Your public key has been saved in /etc/ssh/ssh_host_dsa_key.pub.
[   15.608937] cloud-init[950]: The key fingerprint is:
[   15.608976] cloud-init[950]: SHA256:0YATsrIWKJangyi3wPy4dQAcR4W4j9QMn8E+wSlhMPY root@ubuntu-xenial
[   15.609010] cloud-init[950]: The key's randomart image is:
[   15.609039] cloud-init[950]: +---[DSA 1024]----+
[   15.609066] cloud-init[950]: |+=*o=..o.        |
[   15.609095] cloud-init[950]: |+*=B oo  o       |
[   15.609141] cloud-init[950]: |o=@E=  .. .      |
[   15.609178] cloud-init[950]: |Bo+@     .       |
[   15.609207] cloud-init[950]: |*=*..   S        |
[   15.609236] cloud-init[950]: |.=+o.            |
[   15.609265] cloud-init[950]: | ..o .           |
[   15.609293] cloud-init[950]: |  o .            |
[   15.609323] cloud-init[950]: | .               |
[   15.609350] cloud-init[950]: +----[SHA256]-----+
[   15.609380] cloud-init[950]: Generating public/private ecdsa key pair.
[   15.609408] cloud-init[950]: Your identification has been saved in /etc/ssh/ssh_host_ecdsa_key.
[   15.609438] cloud-init[950]: Your public key has been saved in /etc/ssh/ssh_host_ecdsa_key.pub.
[   15.609465] cloud-init[950]: The key fingerprint is:
[   15.609491] cloud-init[950]: SHA256:nY0fn0DPEOVJqfRA6+/X4JrlvrhOGY0kh0zOacM9ZjA root@ubuntu-xenial
[   15.609519] cloud-init[950]: The key's randomart image is:
[   15.609577] cloud-init[950]: +---[ECDSA 256]---+
[   15.609608] cloud-init[950]: |          E.o.o. |
[   15.609639] cloud-init[950]: |         * *o=.. |
[   15.609669] cloud-init[950]: |          @.@+o  |
[   15.609694] cloud-init[950]: |         o &.B.  |
[   15.609720] cloud-init[950]: |        S + B +  |
[   15.609824] cloud-init[950]: |           . B.. |
[   15.609872] cloud-init[950]: |            +.=..|
[   15.609914] cloud-init[950]: |           . *. o|
[   15.609944] cloud-init[950]: |           .*+=o |
[   15.610025] cloud-init[950]: +----[SHA256]-----+
[   15.610064] cloud-init[950]: Generating public/private ed25519 key pair.
[   15.610092] cloud-init[950]: Your identification has been saved in /etc/ssh/ssh_host_ed25519_key.
[   15.610119] cloud-init[950]: Your public key has been saved in /etc/ssh/ssh_host_ed25519_key.pub.
[   15.610154] cloud-init[950]: The key fingerprint is:
[   15.610183] cloud-init[950]: SHA256:WAwD7+cJVuLo260xThyvKx2wMmpD+MOrCSxVam5YrQc root@ubuntu-xenial
[   15.610212] cloud-init[950]: The key's randomart image is:
[   15.610237] cloud-init[950]: +--[ED25519 256]--+
[   15.610266] cloud-init[950]: |    ..o          |
[   15.610295] cloud-init[950]: |     . +         |
[   15.610321] cloud-init[950]: |    . o +        |
[   15.610347] cloud-init[950]: |   +.+ =         |
[   15.610373] cloud-init[950]: |. E ooB S        |
[   15.610398] cloud-init[950]: |oBo+.o.* .       |
[0;32m  OK  [0m] Started iSCSI initiator daemon (iscsid).
[[0;32m  OK  [0m] Started /etc/rc.local Compatibility.
[   15.611478] cloud-init[950]: |==+oo.=.+        |
[   15.702838] cloud-init[[0;32m  OK  [0m] Started LSB: Record successful boot for GRUB.
[950]: |+=+..=.=         |
[   15.749037] cloud-init[950]: |+.oo..*o.        |
[[0;32m  OK  [0m] Started Login Service.
[[0;32m  OK  [0m] Started LSB: MD monitoring daemon.
[   15.762010] cloud-init[950]: +----[SHA256]-----+
         Starting Authenticate and Authorize Users to Run Privileged Tasks...
         Starting Login to default iSCSI targets...
[[0;32m  OK  [0m] Started LXD - container startup/shutdown.
[[0;32m  OK  [0m] Started Snappy daemon.
[[0;32m  OK  [0m] Started Login to default iSCSI targets.
[[0;32m  OK  [0m] Started Authenticate and Authorize Users to Run Privileged Tasks.
[[0;32m  OK  [0m] Started Accounts Service.
[[0;32m  OK  [0m] Reached target Remote File Systems (Pre).
[[0;32m  OK  [0m] Reached target Remote File Systems.
         Starting Permit User Sessions...
         Starting LSB: VirtualBox Linux Additions...
         Starting LSB: daemon to balance interrupts for SMP systems...
         Starting LSB: Set the CPU Frequency Scaling governor to "ondemand"...
         Starting LSB: automatic crash report generation...
         Starting Auto import assertions from block devices...
[[0;32m  OK  [0m] Started Permit User Sessions.
[[0;32m  OK  [0m] Started Auto import assertions from block devices.
[[0;32m  OK  [0m] Started LSB: Set the CPU Frequency Scaling governor to "ondemand".
         Starting Terminate Plymouth Boot Screen...
         Starting Hold until boot process finishes up...
[[0;32m  OK  [0m] Started LSB: daemon to balance interrupts for SMP systems.
[[0;32m  OK  [0m] Started LSB: automatic crash report generation.
[[0;32m  OK  [0m] Started Terminate Plymouth Boot Screen.
[[0;32m  OK  [0m] Started Hold until boot process finishes up.
[[0;32m  OK  [0m] Started Getty on tty1.
[[0;32m  OK  [0m] Started Serial Getty on ttyS0.
[[0;32m  OK  [0m] Reached target Login Prompts.
         Starting Set console scheme...
[[0;32m  OK  [0m] Started LSB: VirtualBox Linux Additions.
[[0;32m  OK  [0m] Started Set console scheme.
[   16.377707] cloud-init[1076]: Generating locales (this might take a while)...
[   17.184794] cloud-init[1076]:   en_US.UTF-8... done
[   17.189960] cloud-init[[0;32m  OK  [0m] Started Pollinate to seed the pseudo random number generator.
[1076]: Generation complete.
         Starting OpenBSD Secure Shell server...
[[0;32m  OK  [0m] Started OpenBSD Secure Shell server.
[[0;32m  OK  [0m] Reached target Multi-User System.
[[0;32m  OK  [0m] Reached target Graphical Interface.
         Starting Update UTMP about System Runlevel Changes...
[[0;32m  OK  [0m] Started Update UTMP about System Runlevel Changes.
         Stopping OpenBSD Secure Shell server...
[[0;32m  OK  [0m] Stopped OpenBSD Secure Shell server.
         Starting OpenBSD Secure Shell server...
[[0;32m  OK  [0m] Started OpenBSD Secure Shell server.
[[0;32m  OK  [0m] Created slice User Slice of ubuntu.
         Starting User Manager for UID 1000...
[[0;32m  OK  [0m] Started Session 1 of user ubuntu.
[[0;32m  OK  [0m] Started User Manager for UID 1000.
[   17.626119] cloud-init[1076]: Cloud-init v. 0.7.9 running 'modules:config' at Thu, 28 Jun 2018 01:54:05 +0000. Up 16.22 seconds.
[[0;32m  OK  [0m] Started Apply the settings specified in cloud-config.
         Starting Execute cloud user/final scripts...
ci-info: no authorized ssh keys fingerprints found for user ubuntu.
<14>Jun 28 01:54:07 ec2: 
<14>Jun 28 01:54:07 ec2: #############################################################
<14>Jun 28 01:54:07 ec2: -----BEGIN SSH HOST KEY FINGERPRINTS-----
<14>Jun 28 01:54:07 ec2: 1024 SHA256:0YATsrIWKJangyi3wPy4dQAcR4W4j9QMn8E+wSlhMPY root@ubuntu-xenial (DSA)
<14>Jun 28 01:54:07 ec2: 256 SHA256:nY0fn0DPEOVJqfRA6+/X4JrlvrhOGY0kh0zOacM9ZjA root@ubuntu-xenial (ECDSA)
<14>Jun 28 01:54:07 ec2: 256 SHA256:WAwD7+cJVuLo260xThyvKx2wMmpD+MOrCSxVam5YrQc root@ubuntu-xenial (ED25519)
<14>Jun 28 01:54:07 ec2: 2048 SHA256:VTlv69+yy2sscY/PUQDwHK8uopwLpzyFbCm1mXN+WpQ root@ubuntu-xenial (RSA)
<14>Jun 28 01:54:07 ec2: -----END SSH HOST KEY FINGERPRINTS-----
<14>Jun 28 01:54:07 ec2: #############################################################
-----BEGIN SSH HOST KEY KEYS-----
ecdsa-sha2-nistp256 AAAAE2VjZHNhLXNoYTItbmlzdHAyNTYAAAAIbmlzdHAyNTYAAABBBKOkP8T0/yesuwqluz8DV66atn6ZQZ5kYBusIYcIPUz9hIHJAsSQP0G4HbTXoHkMZQcxHVgeBp2B9zp/Xpo/8AU= root@ubuntu-xenial
ssh-ed25519 AAAAC3NzaC1lZDI1NTE5AAAAIG0q3JRuQ7E4ssVXOA4Yyl0cHsLpy+yCGSsLRpP7pmIO root@ubuntu-xenial
ssh-rsa AAAAB3NzaC1yc2EAAAADAQABAAABAQC63lI+EPkL03KNPQ5OJ/DtodwWAWExlUakXfpNSeX48RLaWKvSBxx0P/WzQoU581pyS5/dp5lnNE3538n15taM4MBvqYT4/F1+M8f3ZBDcWwlb1Afc0J3PweJHYAK7d1onE7WZ7y2c0zTO9SV4ZdRFQuYaLxpM6JlJlo2EggPrFaXnfKY7KEPUTKTUT6+d6WHtKp6WsrOHRHOEDSdMWajTg+g2u5SG2qqcdiJkvNHdEEIggE3vfVynwl00VA7pm7x+Y7XcFfIeu1T+sqhoykBcANdgNPY3bCorSHGPxb0r9ekzWWOsjDN4lvWXEPRrg/o6qNKF/RfqUQv1K2mPKohz root@ubuntu-xenial
-----END SSH HOST KEY KEYS-----
[   18.272674] cloud-init[1354]: Cloud-init v. 0.7.9 running 'modules:final' at Thu, 28 Jun 2018 01:54:07 +0000. Up 18.02 seconds.
[   18.287517] cloud-init[1354]: ci-info: no authorized ssh keys fingerprints found for user ubuntu.
[   18.293946] cloud-init[1354]: Cloud-init v. 0.7.9 finished at Thu, 28 Jun 2018 01:54:07 +0000. Datasource DataSourceNoCloud [seed=/dev/sdb][dsmode=net].  Up 18.26 seconds
[[0;32m  OK  [0m] Started Execute cloud user/final scripts.
[[0;32m  OK  [0m] Reached target Cloud-init target.

Ubuntu 16.04.3 LTS ubuntu-xenial ttyS0

ubuntu-xenial login: 